// Jest Snapshot v1, https://goo.gl/fbAQLP

exports[`App Component matches snapshot 1`] = `
<div>
  <div
    data-testid="mock-app-navigator"
  >
    Mock Navigator
  </div>
</div>
`;
